This is pdfTeX, Version 3.141592653-2.6-1.40.22 (TeX Live 2022/dev/Debian) (preloaded format=pdflatex 2026.3.26)  26 MAR 2026 00:37
entering extended mode
 restricted \write18 enabled.
 %&-line parsing enabled.
**paper.tex
(./paper.tex
LaTeX2e <2021-11-15> patch level 1
L3 programming layer <2022-01-21>
(/usr/share/texlive/texmf-dist/tex/latex/base/article.cls
Document Class: article 2021/10/04 v1.4n Standard LaTeX document class
(/usr/share/texlive/texmf-dist/tex/latex/base/size10.clo
File: size10.clo 2021/10/04 v1.4n Standard LaTeX file (size option)
)
\c@part=\count185
\c@section=\count186
\c@subsection=\count187
\c@subsubsection=\count188
\c@paragraph=\count189
\c@subparagraph=\count190
\c@figure=\count191
\c@table=\count192
\abovecaptionskip=\skip47
\belowcaptionskip=\skip48
\bibindent=\dimen138
)
(/usr/share/texlive/texmf-dist/tex/latex/base/inputenc.sty
Package: inputenc 2021/02/14 v1.3d Input encoding file
\inpenc@prehook=\toks16
\inpenc@posthook=\toks17
)
(/usr/share/texlive/texmf-dist/tex/latex/base/fontenc.sty
Package: fontenc 2021/04/29 v2.0v Standard LaTeX package
)
(/usr/share/texlive/texmf-dist/tex/latex/geometry/geometry.sty
Package: geometry 2020/01/02 v5.9 Page Geometry

(/usr/share/texlive/texmf-dist/tex/latex/graphics/keyval.sty
Package: keyval 2014/10/28 v1.15 key=value parser (DPC)
\KV@toks@=\toks18
)
(/usr/share/texlive/texmf-dist/tex/generic/iftex/ifvtex.sty
Package: ifvtex 2019/10/25 v1.7 ifvtex legacy package. Use iftex instead.

(/usr/share/texlive/texmf-dist/tex/generic/iftex/iftex.sty
Package: iftex 2020/03/06 v1.0d TeX engine tests
))
\Gm@cnth=\count193
\Gm@cntv=\count194
\c@Gm@tempcnt=\count195
\Gm@bindingoffset=\dimen139
\Gm@wd@mp=\dimen140
\Gm@odd@mp=\dimen141
\Gm@even@mp=\dimen142
\Gm@layoutwidth=\dimen143
\Gm@layoutheight=\dimen144
\Gm@layouthoffset=\dimen145
\Gm@layoutvoffset=\dimen146
\Gm@dimlist=\toks19
)
(/usr/share/texlive/texmf-dist/tex/latex/algorithms/algorithm.sty
Package: algorithm 2009/08/24 v0.1 Document Style `algorithm' - floating enviro
nment

(/usr/share/texlive/texmf-dist/tex/latex/float/float.sty
Package: float 2001/11/08 v1.3d Float enhancements (AL)
\c@float@type=\count196
\float@exts=\toks20
\float@box=\box50
\@float@everytoks=\toks21
\@floatcapt=\box51
)
(/usr/share/texlive/texmf-dist/tex/latex/base/ifthen.sty
Package: ifthen 2020/11/24 v1.1c Standard LaTeX ifthen package (DPC)
)
\@float@every@algorithm=\toks22
\c@algorithm=\count197
)
(/usr/share/texlive/texmf-dist/tex/latex/algorithms/algorithmic.sty
Package: algorithmic 2009/08/24 v0.1 Document Style `algorithmic'
\c@ALC@unique=\count198
\c@ALC@line=\count199
\c@ALC@rem=\count266
\c@ALC@depth=\count267
\ALC@tlm=\skip49
\algorithmicindent=\skip50
)
(/usr/share/texlive/texmf-dist/tex/latex/hyperref/hyperref.sty
Package: hyperref 2021-06-07 v7.00m Hypertext links for LaTeX

(/usr/share/texlive/texmf-dist/tex/generic/ltxcmds/ltxcmds.sty
Package: ltxcmds 2020-05-10 v1.25 LaTeX kernel commands for general use (HO)
)
(/usr/share/texlive/texmf-dist/tex/generic/pdftexcmds/pdftexcmds.sty
Package: pdftexcmds 2020-06-27 v0.33 Utility functions of pdfTeX for LuaTeX (HO
)

(/usr/share/texlive/texmf-dist/tex/generic/infwarerr/infwarerr.sty
Package: infwarerr 2019/12/03 v1.5 Providing info/warning/error messages (HO)
)
Package pdftexcmds Info: \pdf@primitive is available.
Package pdftexcmds Info: \pdf@ifprimitive is available.
Package pdftexcmds Info: \pdfdraftmode found.
)
(/usr/share/texlive/texmf-dist/tex/generic/kvsetkeys/kvsetkeys.sty
Package: kvsetkeys 2019/12/15 v1.18 Key value parser (HO)
)
(/usr/share/texlive/texmf-dist/tex/generic/kvdefinekeys/kvdefinekeys.sty
Package: kvdefinekeys 2019-12-19 v1.6 Define keys (HO)
)
(/usr/share/texlive/texmf-dist/tex/generic/pdfescape/pdfescape.sty
Package: pdfescape 2019/12/09 v1.15 Implements pdfTeX's escape features (HO)
)
(/usr/share/texlive/texmf-dist/tex/latex/hycolor/hycolor.sty
Package: hycolor 2020-01-27 v1.10 Color options for hyperref/bookmark (HO)
)
(/usr/share/texlive/texmf-dist/tex/latex/letltxmacro/letltxmacro.sty
Package: letltxmacro 2019/12/03 v1.6 Let assignment for LaTeX macros (HO)
)
(/usr/share/texlive/texmf-dist/tex/latex/auxhook/auxhook.sty
Package: auxhook 2019-12-17 v1.6 Hooks for auxiliary files (HO)
)
(/usr/share/texlive/texmf-dist/tex/latex/kvoptions/kvoptions.sty
Package: kvoptions 2020-10-07 v3.14 Key value format for package options (HO)
)
\@linkdim=\dimen147
\Hy@linkcounter=\count268
\Hy@pagecounter=\count269

(/usr/share/texlive/texmf-dist/tex/latex/hyperref/pd1enc.def
File: pd1enc.def 2021-06-07 v7.00m Hyperref: PDFDocEncoding definition (HO)
Now handling font encoding PD1 ...
... no UTF-8 mapping file for font encoding PD1
)
(/usr/share/texlive/texmf-dist/tex/latex/hyperref/hyperref-langpatches.def
File: hyperref-langpatches.def 2021-06-07 v7.00m Hyperref: patches for babel la
nguages
)
(/usr/share/texlive/texmf-dist/tex/generic/intcalc/intcalc.sty
Package: intcalc 2019/12/15 v1.3 Expandable calculations with integers (HO)
)
(/usr/share/texlive/texmf-dist/tex/generic/etexcmds/etexcmds.sty
Package: etexcmds 2019/12/15 v1.7 Avoid name clashes with e-TeX commands (HO)
)
\Hy@SavedSpaceFactor=\count270

(/usr/share/texlive/texmf-dist/tex/latex/hyperref/puenc.def
File: puenc.def 2021-06-07 v7.00m Hyperref: PDF Unicode definition (HO)
Now handling font encoding PU ...
... no UTF-8 mapping file for font encoding PU
)
Package hyperref Info: Hyper figures OFF on input line 4192.
Package hyperref Info: Link nesting OFF on input line 4197.
Package hyperref Info: Hyper index ON on input line 4200.
Package hyperref Info: Plain pages OFF on input line 4207.
Package hyperref Info: Backreferencing OFF on input line 4212.
Package hyperref Info: Implicit mode ON; LaTeX internals redefined.
Package hyperref Info: Bookmarks ON on input line 4445.
\c@Hy@tempcnt=\count271

(/usr/share/texlive/texmf-dist/tex/latex/url/url.sty
\Urlmuskip=\muskip16
Package: url 2013/09/16  ver 3.4  Verb mode for urls, etc.
)
LaTeX Info: Redefining \url on input line 4804.
\XeTeXLinkMargin=\dimen148

(/usr/share/texlive/texmf-dist/tex/generic/bitset/bitset.sty
Package: bitset 2019/12/09 v1.3 Handle bit-vector datatype (HO)

(/usr/share/texlive/texmf-dist/tex/generic/bigintcalc/bigintcalc.sty
Package: bigintcalc 2019/12/15 v1.5 Expandable calculations on big integers (HO
)
))
\Fld@menulength=\count272
\Field@Width=\dimen149
\Fld@charsize=\dimen150
Package hyperref Info: Hyper figures OFF on input line 6076.
Package hyperref Info: Link nesting OFF on input line 6081.
Package hyperref Info: Hyper index ON on input line 6084.
Package hyperref Info: backreferencing OFF on input line 6091.
Package hyperref Info: Link coloring OFF on input line 6096.
Package hyperref Info: Link coloring with OCG OFF on input line 6101.
Package hyperref Info: PDF/A mode OFF on input line 6106.
LaTeX Info: Redefining \ref on input line 6146.
LaTeX Info: Redefining \pageref on input line 6150.

(/usr/share/texlive/texmf-dist/tex/latex/base/atbegshi-ltx.sty
Package: atbegshi-ltx 2021/01/10 v1.0c Emulation of the original atbegshi
package with kernel methods
)
\Hy@abspage=\count273
\c@Item=\count274
\c@Hfootnote=\count275
)
Package hyperref Info: Driver (autodetected): hpdftex.

(/usr/share/texlive/texmf-dist/tex/latex/hyperref/hpdftex.def
File: hpdftex.def 2021-06-07 v7.00m Hyperref driver for pdfTeX

(/usr/share/texlive/texmf-dist/tex/latex/base/atveryend-ltx.sty
Package: atveryend-ltx 2020/08/19 v1.0a Emulation of the original atveryend pac
kage
with kernel methods
)
\Fld@listcount=\count276
\c@bookmark@seq@number=\count277

(/usr/share/texlive/texmf-dist/tex/latex/rerunfilecheck/rerunfilecheck.sty
Package: rerunfilecheck 2019/12/05 v1.9 Rerun checks for auxiliary files (HO)

(/usr/share/texlive/texmf-dist/tex/generic/uniquecounter/uniquecounter.sty
Package: uniquecounter 2019/12/15 v1.4 Provide unlimited unique counter (HO)
)
Package uniquecounter Info: New unique counter `rerunfilecheck' on input line 2
86.
)
\Hy@SectionHShift=\skip51
)
Package hyperref Info: Option `colorlinks' set `true' on input line 8.

(/usr/share/texlive/texmf-dist/tex/latex/amsmath/amsmath.sty
Package: amsmath 2021/10/15 v2.17l AMS math features
\@mathmargin=\skip52

For additional information on amsmath, use the `?' option.
(/usr/share/texlive/texmf-dist/tex/latex/amsmath/amstext.sty
Package: amstext 2021/08/26 v2.01 AMS text

(/usr/share/texlive/texmf-dist/tex/latex/amsmath/amsgen.sty
File: amsgen.sty 1999/11/30 v2.0 generic functions
\@emptytoks=\toks23
\ex@=\dimen151
))
(/usr/share/texlive/texmf-dist/tex/latex/amsmath/amsbsy.sty
Package: amsbsy 1999/11/29 v1.2d Bold Symbols
\pmbraise@=\dimen152
)
(/usr/share/texlive/texmf-dist/tex/latex/amsmath/amsopn.sty
Package: amsopn 2021/08/26 v2.02 operator names
)
\inf@bad=\count278
LaTeX Info: Redefining \frac on input line 234.
\uproot@=\count279
\leftroot@=\count280
LaTeX Info: Redefining \overline on input line 399.
\classnum@=\count281
\DOTSCASE@=\count282
LaTeX Info: Redefining \ldots on input line 496.
LaTeX Info: Redefining \dots on input line 499.
LaTeX Info: Redefining \cdots on input line 620.
\Mathstrutbox@=\box52
\strutbox@=\box53
\big@size=\dimen153
LaTeX Font Info:    Redeclaring font encoding OML on input line 743.
LaTeX Font Info:    Redeclaring font encoding OMS on input line 744.
\macc@depth=\count283
\c@MaxMatrixCols=\count284
\dotsspace@=\muskip17
\c@parentequation=\count285
\dspbrk@lvl=\count286
\tag@help=\toks24
\row@=\count287
\column@=\count288
\maxfields@=\count289
\andhelp@=\toks25
\eqnshift@=\dimen154
\alignsep@=\dimen155
\tagshift@=\dimen156
\tagwidth@=\dimen157
\totwidth@=\dimen158
\lineht@=\dimen159
\@envbody=\toks26
\multlinegap=\skip53
\multlinetaggap=\skip54
\mathdisplay@stack=\toks27
LaTeX Info: Redefining \[ on input line 2938.
LaTeX Info: Redefining \] on input line 2939.
)
(/usr/share/texlive/texmf-dist/tex/latex/amsfonts/amsfonts.sty
Package: amsfonts 2013/01/14 v3.01 Basic AMSFonts support
\symAMSa=\mathgroup4
\symAMSb=\mathgroup5
LaTeX Font Info:    Redeclaring math symbol \hbar on input line 98.
LaTeX Font Info:    Overwriting math alphabet `\mathfrak' in version `bold'
(Font)                  U/euf/m/n --> U/euf/b/n on input line 106.
)
(/usr/share/texlive/texmf-dist/tex/latex/amsfonts/amssymb.sty
Package: amssymb 2013/01/14 v3.01 AMS font symbols
)
(/usr/share/texlive/texmf-dist/tex/latex/mhchem/mhchem.sty
Package: mhchem 2021/12/31 v4.09 for typesetting chemical formulae

(/usr/share/texlive/texmf-dist/tex/latex/l3kernel/expl3.sty
Package: expl3 2022-01-21 L3 programming layer (loader) 

(/usr/share/texlive/texmf-dist/tex/latex/l3backend/l3backend-pdftex.def
File: l3backend-pdftex.def 2022-01-12 L3 backend support: PDF output (pdfTeX)
\l__color_backend_stack_int=\count290
\l__pdf_internal_box=\box54
))
(/usr/share/texlive/texmf-dist/tex/latex/l3packages/l3keys2e/l3keys2e.sty
Package: l3keys2e 2022-01-12 LaTeX2e option processing using LaTeX3 keys
)
(/usr/share/texlive/texmf-dist/tex/latex/tools/calc.sty
Package: calc 2017/05/25 v4.3 Infix arithmetic (KKT,FJ)
\calc@Acount=\count291
\calc@Bcount=\count292
\calc@Adimen=\dimen160
\calc@Bdimen=\dimen161
\calc@Askip=\skip55
\calc@Bskip=\skip56
LaTeX Info: Redefining \setlength on input line 80.
LaTeX Info: Redefining \addtolength on input line 81.
\calc@Ccount=\count293
\calc@Cskip=\skip57
)
(/usr/share/texlive/texmf-dist/tex/latex/chemgreek/chemgreek.sty
(/usr/share/texlive/texmf-dist/tex/latex/l3packages/xparse/xparse.sty
Package: xparse 2022-01-12 L3 Experimental document command parser
)
Package: chemgreek 2020/01/16 v1.1a interface for upright Greek letters for use
 in chemistry (CN)
\l__chemgreek_tmpa_int=\count294
\g__chemgreek_tmpa_int=\count295
)
(/usr/share/texlive/texmf-dist/tex/latex/graphics/graphics.sty
Package: graphics 2021/03/04 v1.4d Standard LaTeX Graphics (DPC,SPQR)

(/usr/share/texlive/texmf-dist/tex/latex/graphics/trig.sty
Package: trig 2021/08/11 v1.11 sin cos tan (DPC)
)
(/usr/share/texlive/texmf-dist/tex/latex/graphics-cfg/graphics.cfg
File: graphics.cfg 2016/06/04 v1.11 sample graphics configuration
)
Package graphics Info: Driver file: pdftex.def on input line 107.

(/usr/share/texlive/texmf-dist/tex/latex/graphics-def/pdftex.def
File: pdftex.def 2020/10/05 v1.2a Graphics/color driver for pdftex
))
\l__mhchem_ce_distanceFromLastComma_int=\count296
\__mhchem_arrow_extPgfLength_skip=\skip58
\mhchem@minispace@tmp=\skip59
\mhchem@minibackspace@tmp=\skip60
\mhchem@bondwidth=\skip61
\mhchem@bondheight=\skip62
\mhchem@smallbondwidth@tmpA=\skip63
\mhchem@smallbondwidth@tmpB=\skip64
\mhchem@smallbondwidth=\skip65
\mhchem@bondtmp@minussidebearingleft=\skip66
\mhchem@bondtmp@minussidebearingright=\skip67
\l__mhchem_option_version_int=\count297
\mhchem@option@minusmathsidebearingleft=\dimen162
\mhchem@option@minusmathsidebearingright=\dimen163
\mhchem@option@minustextsidebearingleft=\dimen164
\mhchem@option@minustextsidebearingright=\dimen165
)
(/usr/share/texlive/texmf-dist/tex/latex/stmaryrd/stmaryrd.sty
Package: stmaryrd 1994/03/03 St Mary's Road symbol package
\symstmry=\mathgroup6
LaTeX Font Info:    Overwriting symbol font `stmry' in version `bold'
(Font)                  U/stmry/m/n --> U/stmry/b/n on input line 89.
)
(/usr/share/texlive/texmf-dist/tex/latex/bbold/bbold.sty
Package: bbold 1994/04/06 Bbold symbol package
LaTeX Font Info:    Redeclaring math alphabet \mathbb on input line 42.
)
(/usr/share/texlive/texmf-dist/tex/latex/graphics/graphicx.sty
Package: graphicx 2021/09/16 v1.2d Enhanced LaTeX Graphics (DPC,SPQR)
\Gin@req@height=\dimen166
\Gin@req@width=\dimen167
)
(/usr/share/texlive/texmf-dist/tex/latex/adjustbox/adjustbox.sty
Package: adjustbox 2020/08/19 v1.3 Adjusting TeX boxes (trim, clip, ...)

(/usr/share/texlive/texmf-dist/tex/latex/xkeyval/xkeyval.sty
Package: xkeyval 2020/11/20 v2.8 package option processing (HA)

(/usr/share/texlive/texmf-dist/tex/generic/xkeyval/xkeyval.tex
(/usr/share/texlive/texmf-dist/tex/generic/xkeyval/xkvutils.tex
\XKV@toks=\toks28
\XKV@tempa@toks=\toks29
)
\XKV@depth=\count298
File: xkeyval.tex 2014/12/03 v2.7a key=value parser (HA)
))
(/usr/share/texlive/texmf-dist/tex/latex/adjustbox/adjcalc.sty
Package: adjcalc 2012/05/16 v1.1 Provides advanced setlength with multiple back
-ends (calc, etex, pgfmath)
)
(/usr/share/texlive/texmf-dist/tex/latex/adjustbox/trimclip.sty
Package: trimclip 2020/08/19 v1.2 Trim and clip general TeX material

(/usr/share/texlive/texmf-dist/tex/latex/collectbox/collectbox.sty
Package: collectbox 2012/05/17 v0.4b Collect macro arguments as boxes
\collectedbox=\box55
)
\tc@llx=\dimen168
\tc@lly=\dimen169
\tc@urx=\dimen170
\tc@ury=\dimen171
Package trimclip Info: Using driver 'tc-pdftex.def'.

(/usr/share/texlive/texmf-dist/tex/latex/adjustbox/tc-pdftex.def
File: tc-pdftex.def 2019/01/04 v2.2 Clipping driver for pdftex
))
\adjbox@Width=\dimen172
\adjbox@Height=\dimen173
\adjbox@Depth=\dimen174
\adjbox@Totalheight=\dimen175
\adjbox@pwidth=\dimen176
\adjbox@pheight=\dimen177
\adjbox@pdepth=\dimen178
\adjbox@ptotalheight=\dimen179

(/usr/share/texlive/texmf-dist/tex/latex/ifoddpage/ifoddpage.sty
Package: ifoddpage 2016/04/23 v1.1 Conditionals for odd/even page detection
\c@checkoddpage=\count299
)
(/usr/share/texlive/texmf-dist/tex/latex/varwidth/varwidth.sty
Package: varwidth 2009/03/30 ver 0.92;  Variable-width minipages
\@vwid@box=\box56
\sift@deathcycles=\count300
\@vwid@loff=\dimen180
\@vwid@roff=\dimen181
))
(/usr/share/texlive/texmf-dist/tex/latex/xcolor/xcolor.sty
Package: xcolor 2021/10/31 v2.13 LaTeX color extensions (UK)

(/usr/share/texlive/texmf-dist/tex/latex/graphics-cfg/color.cfg
File: color.cfg 2016/01/02 v1.6 sample color configuration
)
Package xcolor Info: Driver file: pdftex.def on input line 227.
Package xcolor Info: Model `cmy' substituted by `cmy0' on input line 1352.
Package xcolor Info: Model `hsb' substituted by `rgb' on input line 1356.
Package xcolor Info: Model `RGB' extended on input line 1368.
Package xcolor Info: Model `HTML' substituted by `rgb' on input line 1370.
Package xcolor Info: Model `Hsb' substituted by `hsb' on input line 1371.
Package xcolor Info: Model `tHsb' substituted by `hsb' on input line 1372.
Package xcolor Info: Model `HSB' substituted by `hsb' on input line 1373.
Package xcolor Info: Model `Gray' substituted by `gray' on input line 1374.
Package xcolor Info: Model `wave' substituted by `hsb' on input line 1375.

(/usr/share/texlive/texmf-dist/tex/latex/graphics/dvipsnam.def
File: dvipsnam.def 2016/06/17 v3.0m Driver-dependent file (DPC,SPQR)
))
(/usr/share/texlive/texmf-dist/tex/latex/placeins/placeins.sty
Package: placeins 2005/04/18  v 2.2
)
(/usr/share/texlive/texmf-dist/tex/latex/caption/caption.sty
Package: caption 2020/10/26 v3.5g Customizing captions (AR)

(/usr/share/texlive/texmf-dist/tex/latex/caption/caption3.sty
Package: caption3 2020/10/21 v2.2e caption3 kernel (AR)
\captionmargin=\dimen182
\captionmargin@=\dimen183
\captionwidth=\dimen184
\caption@tempdima=\dimen185
\caption@indent=\dimen186
\caption@parindent=\dimen187
\caption@hangindent=\dimen188
Package caption Info: Standard document class detected.
)
\c@caption@flags=\count301
\c@continuedfloat=\count302
Package caption Info: float package is loaded.
Package caption Info: hyperref package is loaded.
)
(/usr/share/texlive/texmf-dist/tex/latex/booktabs/booktabs.sty
Package: booktabs 2020/01/12 v1.61803398 Publication quality tables
\heavyrulewidth=\dimen189
\lightrulewidth=\dimen190
\cmidrulewidth=\dimen191
\belowrulesep=\dimen192
\belowbottomsep=\dimen193
\aboverulesep=\dimen194
\abovetopsep=\dimen195
\cmidrulesep=\dimen196
\cmidrulekern=\dimen197
\defaultaddspace=\dimen198
\@cmidla=\count303
\@cmidlb=\count304
\@aboverulesep=\dimen199
\@belowrulesep=\dimen256
\@thisruleclass=\count305
\@lastruleclass=\count306
\@thisrulewidth=\dimen257
)
(/usr/share/texlive/texmf-dist/tex/latex/multirow/multirow.sty
Package: multirow 2021/03/15 v2.8 Span multiple rows of a table
\multirow@colwidth=\skip68
\multirow@cntb=\count307
\multirow@dima=\skip69
\bigstrutjot=\dimen258
)
(/usr/share/texlive/texmf-dist/tex/generic/ulem/ulem.sty
\UL@box=\box57
\UL@hyphenbox=\box58
\UL@skip=\skip70
\UL@hook=\toks30
\UL@height=\dimen259
\UL@pe=\count308
\UL@pixel=\dimen260
\ULC@box=\box59
Package: ulem 2019/11/18
\ULdepth=\dimen261
)
(/usr/share/texlive/texmf-dist/tex/latex/amscls/amsthm.sty
Package: amsthm 2020/05/29 v2.20.6
\thm@style=\toks31
\thm@bodyfont=\toks32
\thm@headfont=\toks33
\thm@notefont=\toks34
\thm@headpunct=\toks35
\thm@preskip=\skip71
\thm@postskip=\skip72
\thm@headsep=\skip73
\dth@everypar=\toks36
)
(/usr/share/texlive/texmf-dist/tex/latex/enumitem/enumitem.sty
Package: enumitem 2019/06/20 v3.9 Customized lists
\labelindent=\skip74
\enit@outerparindent=\dimen262
\enit@toks=\toks37
\enit@inbox=\box60
\enit@count@id=\count309
\enitdp@description=\count310
)
\c@theorem=\count311
 (./paper.aux)
\openout1 = `paper.aux'.

LaTeX Font Info:    Checking defaults for OML/cmm/m/it on input line 76.
LaTeX Font Info:    ... okay on input line 76.
LaTeX Font Info:    Checking defaults for OMS/cmsy/m/n on input line 76.
LaTeX Font Info:    ... okay on input line 76.
LaTeX Font Info:    Checking defaults for OT1/cmr/m/n on input line 76.
LaTeX Font Info:    ... okay on input line 76.
LaTeX Font Info:    Checking defaults for T1/cmr/m/n on input line 76.
LaTeX Font Info:    ... okay on input line 76.
LaTeX Font Info:    Checking defaults for TS1/cmr/m/n on input line 76.
LaTeX Font Info:    ... okay on input line 76.
LaTeX Font Info:    Checking defaults for OMX/cmex/m/n on input line 76.
LaTeX Font Info:    ... okay on input line 76.
LaTeX Font Info:    Checking defaults for U/cmr/m/n on input line 76.
LaTeX Font Info:    ... okay on input line 76.
LaTeX Font Info:    Checking defaults for PD1/pdf/m/n on input line 76.
LaTeX Font Info:    ... okay on input line 76.
LaTeX Font Info:    Checking defaults for PU/pdf/m/n on input line 76.
LaTeX Font Info:    ... okay on input line 76.

*geometry* driver: auto-detecting
*geometry* detected driver: pdftex
*geometry* verbose mode - [ preamble ] result:
* driver: pdftex
* paper: <default>
* layout: <same size as paper>
* layoutoffset:(h,v)=(0.0pt,0.0pt)
* modes: 
* h-part:(L,W,R)=(90.3375pt, 433.62001pt, 90.3375pt)
* v-part:(T,H,B)=(72.26999pt, 650.43001pt, 72.26999pt)
* \paperwidth=614.295pt
* \paperheight=794.96999pt
* \textwidth=433.62001pt
* \textheight=650.43001pt
* \oddsidemargin=18.0675pt
* \evensidemargin=18.0675pt
* \topmargin=-37.0pt
* \headheight=12.0pt
* \headsep=25.0pt
* \topskip=10.0pt
* \footskip=30.0pt
* \marginparwidth=65.0pt
* \marginparsep=11.0pt
* \columnsep=10.0pt
* \skip\footins=9.0pt plus 4.0pt minus 2.0pt
* \hoffset=0.0pt
* \voffset=0.0pt
* \mag=1000
* \@twocolumnfalse
* \@twosidefalse
* \@mparswitchfalse
* \@reversemarginfalse
* (1in=72.27pt=25.4mm, 1cm=28.453pt)

Package hyperref Info: Link coloring ON on input line 76.
(/usr/share/texlive/texmf-dist/tex/latex/hyperref/nameref.sty
Package: nameref 2021-04-02 v2.47 Cross-referencing by name of section

(/usr/share/texlive/texmf-dist/tex/latex/refcount/refcount.sty
Package: refcount 2019/12/15 v3.6 Data extraction from label references (HO)
)
(/usr/share/texlive/texmf-dist/tex/generic/gettitlestring/gettitlestring.sty
Package: gettitlestring 2019/12/15 v1.6 Cleanup title references (HO)
)
\c@section@level=\count312
)
LaTeX Info: Redefining \ref on input line 76.
LaTeX Info: Redefining \pageref on input line 76.
LaTeX Info: Redefining \nameref on input line 76.

(./paper.out) (./paper.out)
\@outlinefile=\write3
\openout3 = `paper.out'.


Package chemgreek Info: Activating mapping `default' on line 76.


(/usr/share/texlive/texmf-dist/tex/context/base/mkii/supp-pdf.mkii
[Loading MPS to PDF converter (version 2006.09.02).]
\scratchcounter=\count313
\scratchdimen=\dimen263
\scratchbox=\box61
\nofMPsegments=\count314
\nofMParguments=\count315
\everyMPshowfont=\toks38
\MPscratchCnt=\count316
\MPscratchDim=\dimen264
\MPnumerator=\count317
\makeMPintoPDFobject=\count318
\everyMPtoPDFconversion=\toks39
) (/usr/share/texlive/texmf-dist/tex/latex/epstopdf-pkg/epstopdf-base.sty
Package: epstopdf-base 2020-01-24 v2.11 Base part for package epstopdf
Package epstopdf-base Info: Redefining graphics rule for `.eps' on input line 4
85.

(/usr/share/texlive/texmf-dist/tex/latex/latexconfig/epstopdf-sys.cfg
File: epstopdf-sys.cfg 2010/07/13 v1.3 Configuration of (r)epstopdf for TeX Liv
e
))
Package caption Info: Begin \AtBeginDocument code.
Package caption Info: End \AtBeginDocument code.
LaTeX Font Info:    Trying to load font information for U+msa on input line 78.


(/usr/share/texlive/texmf-dist/tex/latex/amsfonts/umsa.fd
File: umsa.fd 2013/01/14 v3.01 AMS symbols A
)
LaTeX Font Info:    Trying to load font information for U+msb on input line 78.


(/usr/share/texlive/texmf-dist/tex/latex/amsfonts/umsb.fd
File: umsb.fd 2013/01/14 v3.01 AMS symbols B
)
LaTeX Font Info:    Trying to load font information for U+stmry on input line 7
8.

(/usr/share/texlive/texmf-dist/tex/latex/stmaryrd/Ustmry.fd)

LaTeX Warning: Citation `Daganzo2009Headway' on page 1 undefined on input line 
95.


LaTeX Warning: Citation `Xuan2011Dynamic' on page 1 undefined on input line 95.



LaTeX Warning: Citation `Wang2020DynamicHolding' on page 1 undefined on input l
ine 95.


LaTeX Warning: Citation `Ji2024SeizingSerendipity' on page 1 undefined on input
 line 98.

[1



pdfTeX warning: pdflatex (file pdftex.map): cannot open font map file
]

LaTeX Warning: Reference `app:poisoning_vs_classical' on page 2 undefined on in
put line 118.


LaTeX Warning: Citation `Depeweg2018Decomposition' on page 2 undefined on input
 line 121.


LaTeX Warning: Citation `Clements2019EstimatingRisk' on page 2 undefined on inp
ut line 121.


LaTeX Warning: Citation `Hullermeier2021AleatoricEpistemic' on page 2 undefined
 on input line 123.


LaTeX Warning: Citation `An2021UncertaintyEnsemble' on page 2 undefined on inpu
t line 124.


LaTeX Warning: Citation `Kendall2017WhatUncertainties' on page 2 undefined on i
nput line 126.


LaTeX Warning: Citation `Fujimoto2018TD3' on page 2 undefined on input line 126
.


LaTeX Warning: Citation `Derman2019BayesianRobust' on page 2 undefined on input
 line 128.


LaTeX Warning: Citation `Depeweg2018Decomposition' on page 2 undefined on input
 line 128.


LaTeX Warning: Citation `Wiesemann2013RobustMDP' on page 2 undefined on input l
ine 128.


LaTeX Warning: Citation `Osogami2012Robustness' on page 2 undefined on input li
ne 128.


LaTeX Warning: Citation `Xu2009RobustLasso' on page 2 undefined on input line 1
28.


LaTeX Warning: Citation `Xu2009RobustSVM' on page 2 undefined on input line 128
.


LaTeX Warning: Citation `Zhou2023NaturalActorCritic' on page 2 undefined on inp
ut line 128.


LaTeX Warning: Citation `Panaganti2024RobustF' on page 2 undefined on input lin
e 128.


LaTeX Warning: Citation `Asadi2018Lipschitz' on page 2 undefined on input line 
128.


LaTeX Warning: Citation `An2021UncertaintyEnsemble' on page 2 undefined on inpu
t line 128.


LaTeX Warning: Citation `Osband2016BootstrappedDQN' on page 2 undefined on inpu
t line 128.


LaTeX Warning: Citation `Zhang2025SingleAgentBus' on page 2 undefined on input 
line 130.


LaTeX Warning: Citation `Osogami2012Robustness' on page 2 undefined on input li
ne 135.

[2]
LaTeX Font Info:    Trying to load font information for T1+cmtt on input line 1
36.
 (/usr/share/texlive/texmf-dist/tex/latex/base/t1cmtt.fd
File: t1cmtt.fd 2019/12/16 v2.5j Standard LaTeX font definitions
)

LaTeX Warning: Citation `Zhou2023NaturalActorCritic' on page 3 undefined on inp
ut line 137.


LaTeX Warning: Citation `Yang2022RORL' on page 3 undefined on input line 137.


LaTeX Warning: Citation `Ji2024SeizingSerendipity' on page 3 undefined on input
 line 138.


LaTeX Warning: Citation `Daganzo2009Headway' on page 3 undefined on input line 
144.


LaTeX Warning: Citation `Xuan2013BusHolding' on page 3 undefined on input line 
144.


LaTeX Warning: Citation `Wang2020DynamicHolding' on page 3 undefined on input l
ine 144.


LaTeX Warning: Citation `Gronauer2022MultiAgent' on page 3 undefined on input l
ine 144.


LaTeX Warning: Citation `Papoudakis2019NonStationarity' on page 3 undefined on 
input line 144.


LaTeX Warning: Citation `Vinyals2019StarCraft' on page 3 undefined on input lin
e 144.


LaTeX Warning: Citation `Zhang2025SingleAgentBus' on page 3 undefined on input 
line 144.


LaTeX Warning: Citation `Depeweg2018Decomposition' on page 3 undefined on input
 line 147.


LaTeX Warning: Citation `Derman2019BayesianRobust' on page 3 undefined on input
 line 147.


LaTeX Warning: Citation `Chow2014CVaR' on page 3 undefined on input line 147.


LaTeX Warning: Citation `Chow2015RiskSensitive' on page 3 undefined on input li
ne 147.


LaTeX Warning: Citation `Bellemare2017Distributional' on page 3 undefined on in
put line 147.


LaTeX Warning: Citation `Dabney2018QuantileRegression' on page 3 undefined on i
nput line 147.


LaTeX Warning: Citation `Fei2020RiskSensitive' on page 3 undefined on input lin
e 147.


LaTeX Warning: Reference `app:complexity' on page 3 undefined on input line 147
.


LaTeX Warning: Citation `Wiesemann2013RobustMDP' on page 3 undefined on input l
ine 147.


LaTeX Warning: Citation `Iyengar2005RobustDP' on page 3 undefined on input line
 147.


LaTeX Warning: Citation `Osogami2012Robustness' on page 3 undefined on input li
ne 147.


LaTeX Warning: Citation `Geist2019TheoryRegularized' on page 3 undefined on inp
ut line 147.


LaTeX Warning: Reference `app:regularization_prior' on page 3 undefined on inpu
t line 147.


LaTeX Warning: Citation `Clements2019EstimatingRisk' on page 3 undefined on inp
ut line 150.


LaTeX Warning: Citation `Depeweg2018Decomposition' on page 3 undefined on input
 line 150.


LaTeX Warning: Citation `An2021UncertaintyEnsemble' on page 3 undefined on inpu
t line 150.


LaTeX Warning: Citation `Osband2016BootstrappedDQN' on page 3 undefined on inpu
t line 150.


LaTeX Warning: Citation `Zhou2023NaturalActorCritic' on page 3 undefined on inp
ut line 150.


LaTeX Warning: Citation `Asadi2018Lipschitz' on page 3 undefined on input line 
150.


LaTeX Warning: Citation `Ji2024SeizingSerendipity' on page 3 undefined on input
 line 150.

[3]

LaTeX Warning: Citation `VanHasselt2010DoubleQ' on page 4 undefined on input li
ne 153.


LaTeX Warning: Citation `Fujimoto2018TD3' on page 4 undefined on input line 153
.


LaTeX Warning: Citation `Haarnoja2018SAC' on page 4 undefined on input line 153
.


LaTeX Warning: Citation `Yang2022RORL' on page 4 undefined on input line 153.


LaTeX Warning: Citation `Kumar2020CQL' on page 4 undefined on input line 153.


LaTeX Warning: Citation `Ji2024SeizingSerendipity' on page 4 undefined on input
 line 153.


LaTeX Warning: Citation `Haarnoja2018SAC' on page 4 undefined on input line 158
.

LaTeX Font Info:    Trying to load font information for U+bbold on input line 1
60.
(/usr/share/texlive/texmf-dist/tex/latex/bbold/Ubbold.fd)

LaTeX Warning: Citation `Iyengar2005RobustDP' on page 4 undefined on input line
 169.


LaTeX Warning: Citation `Wiesemann2013RobustMDP' on page 4 undefined on input l
ine 169.


LaTeX Warning: Citation `Iyengar2005RobustDP' on page 4 undefined on input line
 173.


LaTeX Warning: Citation `Zhou2023NaturalActorCritic' on page 4 undefined on inp
ut line 179.

[4]

LaTeX Warning: Citation `Xu2009RobustSVM' on page 5 undefined on input line 183
.


LaTeX Warning: Reference `app:equivalence' on page 5 undefined on input line 18
3.


LaTeX Warning: Reference `app:contraction' on page 5 undefined on input line 19
0.


LaTeX Warning: Citation `Clements2019EstimatingRisk' on page 5 undefined on inp
ut line 193.


LaTeX Warning: Citation `Depeweg2018Decomposition' on page 5 undefined on input
 line 193.


LaTeX Warning: Reference `fig:all_experiments' on page 5 undefined on input lin
e 195.


LaTeX Warning: Citation `Ji2024SeizingSerendipity' on page 5 undefined on input
 line 195.

[5]

LaTeX Warning: Citation `An2021UncertaintyEnsemble' on page 6 undefined on inpu
t line 203.


LaTeX Warning: Citation `Zhou2023NaturalActorCritic' on page 6 undefined on inp
ut line 205.


LaTeX Warning: Reference `app:contraction' on page 6 undefined on input line 20
5.


LaTeX Warning: Citation `Osogami2012Robustness' on page 6 undefined on input li
ne 207.


LaTeX Warning: Reference `app:equivalence' on page 6 undefined on input line 20
7.


LaTeX Warning: Reference `app:disentanglement' on page 6 undefined on input lin
e 207.


LaTeX Warning: Citation `Xu2009RobustLasso' on page 6 undefined on input line 2
11.


LaTeX Warning: Citation `Yang2022RORL' on page 6 undefined on input line 222.


LaTeX Warning: Reference `eq:target_y' on page 6 undefined on input line 223.


LaTeX Warning: Reference `app:contraction' on page 6 undefined on input line 22
3.


Package hyperref Warning: Token not allowed in a PDF string (Unicode):
(hyperref)                removing `math shift' on input line 225.


Package hyperref Warning: Token not allowed in a PDF string (Unicode):
(hyperref)                removing `math shift' on input line 225.

[6]

LaTeX Warning: Citation `Osband2016BootstrappedDQN' on page 7 undefined on inpu
t line 228.


LaTeX Warning: Citation `An2021UncertaintyEnsemble' on page 7 undefined on inpu
t line 228.


LaTeX Warning: Citation `An2021UncertaintyEnsemble' on page 7 undefined on inpu
t line 228.


LaTeX Warning: Reference `app:scope' on page 7 undefined on input line 234.


LaTeX Warning: Citation `Ji2024SeizingSerendipity' on page 7 undefined on input
 line 243.


LaTeX Warning: Reference `app:nondegen' on page 7 undefined on input line 243.


LaTeX Warning: Citation `Haarnoja2018SAC' on page 7 undefined on input line 247
.


LaTeX Warning: Reference `eq:gamma_epi' on page 7 undefined on input line 255.


LaTeX Warning: Reference `app:nondegen' on page 7 undefined on input line 256.

[7]

LaTeX Warning: Reference `app:contraction' on page 8 undefined on input line 26
5.


LaTeX Warning: Reference `app:sac_vs_resac' on page 8 undefined on input line 2
65.


LaTeX Warning: Reference `app:scope' on page 8 undefined on input line 274.


LaTeX Warning: Reference `app:scope' on page 8 undefined on input line 281.


LaTeX Warning: Citation `Ji2024SeizingSerendipity' on page 8 undefined on input
 line 289.


LaTeX Warning: Citation `Zhang2025SingleAgentBus' on page 8 undefined on input 
line 290.

[8]

LaTeX Warning: Reference `alg:resac' on page 9 undefined on input line 297.

Package hyperref Info: bookmark level for unknown algorithm defaults to 0 on in
put line 300.

LaTeX Warning: Citation `Zhang2025SingleAgentBus' on page 9 undefined on input 
line 333.

[9]

LaTeX Warning: Citation `Zhang2025SingleAgentBus' on page 10 undefined on input
 line 337.


LaTeX Warning: Citation `Zhang2025SingleAgentBus' on page 10 undefined on input
 line 337.


LaTeX Warning: Citation `Zhang2025SingleAgentBus' on page 10 undefined on input
 line 340.

[10]

LaTeX Warning: Citation `Haarnoja2018SAC' on page 11 undefined on input line 36
2.


LaTeX Warning: Citation `Ma2025DSAC' on page 11 undefined on input line 363.


LaTeX Warning: Citation `Ji2024SeizingSerendipity' on page 11 undefined on inpu
t line 364.


LaTeX Warning: Citation `Ji2024SeizingSerendipity' on page 11 undefined on inpu
t line 364.


LaTeX Warning: Reference `fig:all_experiments' on page 11 undefined on input li
ne 371.


LaTeX Warning: Citation `An2021UncertaintyEnsemble' on page 11 undefined on inp
ut line 373.

<all_experiments_comparison_v2.png, id=199, 1300.86pt x 722.7pt>
File: all_experiments_comparison_v2.png Graphic file (type png)
<use all_experiments_comparison_v2.png>
Package pdftex.def Info: all_experiments_comparison_v2.png  used on input line 
378.
(pdftex.def)             Requested size: 433.62001pt x 240.89572pt.

LaTeX Warning: Reference `fig:all_q_values' on page 11 undefined on input line 
384.

<all_q_values_comparison_v2.png, id=201, 1300.86pt x 722.7pt>
File: all_q_values_comparison_v2.png Graphic file (type png)
<use all_q_values_comparison_v2.png>
Package pdftex.def Info: all_q_values_comparison_v2.png  used on input line 388
.
(pdftex.def)             Requested size: 433.62001pt x 240.89572pt.
[11] [12 <./all_experiments_comparison_v2.png> <./all_q_values_comparison_v2.pn
g>]

LaTeX Warning: Reference `fig:mahalanobis' on page 13 undefined on input line 3
98.

<comparison_mahalanobis_rareness_restyled.png, id=217, 1156.32pt x 1011.78pt>
File: comparison_mahalanobis_rareness_restyled.png Graphic file (type png)
<use comparison_mahalanobis_rareness_restyled.png>
Package pdftex.def Info: comparison_mahalanobis_rareness_restyled.png  used on 
input line 406.
(pdftex.def)             Requested size: 433.62001pt x 379.41656pt.
[13] [14 <./comparison_mahalanobis_rareness_restyled.png>]

LaTeX Warning: Citation `Osogami2012Robustness' on page 15 undefined on input l
ine 414.


Overfull \hbox (9.72081pt too wide) in paragraph at lines 414--415
\T1/cmr/m/n/10 for bus fleet hold-ing con-trol that ex-plic-itly dis-en-tan-gle
s aleatoric and epis-temic un-cer-tain-ties. Grounded
 []


LaTeX Warning: Reference `app:nondegen' on page 15 undefined on input line 416.



Overfull \hbox (2.22264pt too wide) in paragraph at lines 421--422
\T1/cmr/m/n/10 This work was sup-ported by the Na-tional Nat-u-ral Sci-ence Fou
n-da-tion of China (Grant No. 72371251),
 []

(./paper.bbl [15] [16]
Underfull \hbox (badness 1173) in paragraph at lines 93--94
[]\T1/cmr/m/n/10 Papoudakis Geor-gios, Chris-tianos Fil-ip-pos, Rah-man Ar-rasy
, and Al-brecht Ste-fano V.,
 []

[17]) (./appendix.tex [18]

LaTeX Warning: Citation `Fei2020RiskSensitive' on page 19 undefined on input li
ne 14.


LaTeX Warning: Reference `app:equivalence' on page 19 undefined on input line 3
7.


LaTeX Warning: Reference `app:contraction' on page 19 undefined on input line 4
4.


LaTeX Warning: Reference `app:scope' on page 19 undefined on input line 50.

[19

]

LaTeX Warning: Citation `Osogami2012Robustness' on page 20 undefined on input l
ine 59.


Package hyperref Warning: Token not allowed in a PDF string (Unicode):
(hyperref)                removing `math shift' on input line 59.


Package hyperref Warning: Token not allowed in a PDF string (Unicode):
(hyperref)                removing `\leavevmode@ifvmode' on input line 59.


Package hyperref Warning: Token not allowed in a PDF string (Unicode):
(hyperref)                \kern 2.77626pt
(hyperref)                removed on input line 59.


Package hyperref Warning: Token not allowed in a PDF string (Unicode):
(hyperref)                removing `\Leftarrow' on input line 59.


Package hyperref Warning: Token not allowed in a PDF string (Unicode):
(hyperref)                removing `\mathrel' on input line 59.


Package hyperref Warning: Token not allowed in a PDF string (Unicode):
(hyperref)                removing `\mkern' on input line 59.


Package hyperref Warning: Token not allowed in a PDF string (Unicode):
(hyperref)                removing `\Rightarrow' on input line 59.


Package hyperref Warning: Token not allowed in a PDF string (Unicode):
(hyperref)                removing `\leavevmode@ifvmode' on input line 59.


Package hyperref Warning: Token not allowed in a PDF string (Unicode):
(hyperref)                \kern 2.77626pt
(hyperref)                removed on input line 59.


Package hyperref Warning: Token not allowed in a PDF string (Unicode):
(hyperref)                removing `math shift' on input line 59.


Package hyperref Warning: Token not allowed in a PDF string (Unicode):
(hyperref)                removing `\@ifnextchar' on input line 59.


LaTeX Warning: Citation `Xu2009RobustSVM' on page 20 undefined on input line 83
.


Package hyperref Warning: Token not allowed in a PDF string (Unicode):
(hyperref)                removing `math shift' on input line 83.


Package hyperref Warning: Token not allowed in a PDF string (Unicode):
(hyperref)                removing `\leavevmode@ifvmode' on input line 83.


Package hyperref Warning: Token not allowed in a PDF string (Unicode):
(hyperref)                \kern 2.77626pt
(hyperref)                removed on input line 83.


Package hyperref Warning: Token not allowed in a PDF string (Unicode):
(hyperref)                removing `\Leftarrow' on input line 83.


Package hyperref Warning: Token not allowed in a PDF string (Unicode):
(hyperref)                removing `\mathrel' on input line 83.


Package hyperref Warning: Token not allowed in a PDF string (Unicode):
(hyperref)                removing `\mkern' on input line 83.


Package hyperref Warning: Token not allowed in a PDF string (Unicode):
(hyperref)                removing `\Rightarrow' on input line 83.


Package hyperref Warning: Token not allowed in a PDF string (Unicode):
(hyperref)                removing `\leavevmode@ifvmode' on input line 83.


Package hyperref Warning: Token not allowed in a PDF string (Unicode):
(hyperref)                \kern 2.77626pt
(hyperref)                removed on input line 83.


Package hyperref Warning: Token not allowed in a PDF string (Unicode):
(hyperref)                removing `math shift' on input line 83.


Package hyperref Warning: Token not allowed in a PDF string (Unicode):
(hyperref)                removing `\@ifnextchar' on input line 83.


Overfull \hbox (9.58456pt too wide) in paragraph at lines 91--92
[]\T1/cmr/bx/n/10 Lasso (Lin-ear): \T1/cmr/m/n/10 Ro-bust-ness against $\OML/cm
m/m/it/10 `[]$\T1/cmr/m/n/10 -norm per-tur-ba-tion sets is equiv-a-lent to $\OM
L/cmm/m/it/10 `[]$\T1/cmr/m/n/10 -regularization
 []

[20]

LaTeX Warning: Reference `app:scope' on page 21 undefined on input line 104.


LaTeX Warning: Citation `Bellemare2017Distributional' on page 21 undefined on i
nput line 107.


LaTeX Warning: Citation `Dabney2018QuantileRegression' on page 21 undefined on 
input line 107.


LaTeX Warning: Citation `Derman2019BayesianRobust' on page 21 undefined on inpu
t line 128.


LaTeX Warning: Citation `Depeweg2018Decomposition' on page 21 undefined on inpu
t line 128.

[21]

LaTeX Warning: Reference `app:equivalence' on page 22 undefined on input line 1
38.


LaTeX Warning: Citation `Geist2019TheoryRegularized' on page 22 undefined on in
put line 148.


Package hyperref Warning: Token not allowed in a PDF string (Unicode):
(hyperref)                removing `\@ifnextchar' on input line 148.

[22]

LaTeX Warning: Citation `Villani2009OptimalTransport' on page 23 undefined on i
nput line 176.


LaTeX Warning: Citation `Eysenbach2021MaxEnt' on page 23 undefined on input lin
e 194.


LaTeX Warning: Citation `Zhou2023NaturalActorCritic' on page 23 undefined on in
put line 206.

[23]

LaTeX Warning: Citation `Ji2024SeizingSerendipity' on page 24 undefined on inpu
t line 221.


LaTeX Warning: Citation `Blackwell1965DiscountedDP' on page 24 undefined on inp
ut line 229.


Overfull \hbox (6.42725pt too wide) in paragraph at lines 228--230
\T1/cmr/m/n/10 We pro-vide a self-contained, machine-verified proof that the RE
-SAC op-er-a-tor $\OMS/cmsy/m/n/10 T[]$ \T1/cmr/m/n/10 is a $\OML/cmm/m/it/10 ^
^M$\T1/cmr/m/n/10 -contraction
 []


LaTeX Warning: Reference `eq:target_y' on page 24 undefined on input line 234.

[24]

LaTeX Warning: Citation `Blackwell1965DiscountedDP' on page 25 undefined on inp
ut line 306.


LaTeX Warning: Reference `lem:monotonicity' on page 25 undefined on input line 
306.


LaTeX Warning: Reference `lem:discounting' on page 25 undefined on input line 3
06.

[25]

LaTeX Warning: Reference `lem:monotonicity' on page 26 undefined on input line 
384.


LaTeX Warning: Reference `lem:discounting' on page 26 undefined on input line 3
84.


LaTeX Warning: Citation `Bertsekas1996NeuroDynProg' on page 26 undefined on inp
ut line 392.


LaTeX Warning: Reference `app:approx_bounds' on page 26 undefined on input line
 396.

[26]

LaTeX Warning: Reference `thm:counterproof' on page 27 undefined on input line 
414.


Overfull \hbox (34.18855pt too wide) in paragraph at lines 412--416
\T1/cmr/m/n/10 in the worst case (see the 1-state 1-action deriva-tion in the s
up-ple-men-tary \T1/cmtt/m/n/10 RESAC-Counterproof.lean\T1/cmr/m/n/10 ).
 []

LaTeX Font Info:    Font shape `T1/cmtt/bx/n' in size <10> not available
(Font)              Font shape `T1/cmtt/m/n' tried instead on input line 417.

Overfull \hbox (8.2805pt too wide) in paragraph at lines 426--434
 [] 
 []


LaTeX Warning: Reference `app:equivalence' on page 27 undefined on input line 4
41.


LaTeX Warning: Citation `Iyengar2005RobustDP' on page 27 undefined on input lin
e 441.


LaTeX Warning: Reference `thm:counterproof' on page 27 undefined on input line 
445.


LaTeX Warning: Reference `lem:monotonicity' on page 27 undefined on input line 
445.


LaTeX Warning: Reference `lem:discounting' on page 27 undefined on input line 4
45.


LaTeX Warning: Reference `thm:contraction' on page 27 undefined on input line 4
45.

[27]

LaTeX Warning: Reference `thm:contraction' on page 28 undefined on input line 4
54.


LaTeX Warning: Citation `Mnih2015DQN' on page 28 undefined on input line 455.


LaTeX Warning: Citation `Haarnoja2018SAC' on page 28 undefined on input line 45
5.


LaTeX Warning: Citation `Fujimoto2018TD3' on page 28 undefined on input line 45
5.


LaTeX Warning: Citation `Bertsekas1996NeuroDynProg' on page 28 undefined on inp
ut line 474.


LaTeX Warning: Reference `app:approx_bounds' on page 28 undefined on input line
 475.


LaTeX Warning: Citation `VanHasselt2018DeadlyTriad' on page 28 undefined on inp
ut line 479.


LaTeX Warning: Reference `thm:contraction' on page 28 undefined on input line 4
90.

[28]
Overfull \hbox (25.74004pt too wide) in paragraph at lines 500--501
[][]\T1/cmr/bx/n/10 Theorem E.6 \T1/cmr/m/n/10 (Ap-prox-i-ma-tion er-ror bound 
--- \T1/cmtt/m/n/10 ApproxContraction.lean\T1/cmr/m/n/10 : \T1/cmtt/m/n/10 appr
ox_fixed_point_bound\T1/cmr/m/n/10 )\T1/cmr/bx/n/10 .
 []


Overfull \hbox (24.01823pt too wide) in paragraph at lines 509--510
[][]\T1/cmr/bx/n/10 Theorem E.7 \T1/cmr/m/n/10 (Stochas-tic track-ing bound ---
 \T1/cmtt/m/n/10 ApproxContraction.lean\T1/cmr/m/n/10 : \T1/cmtt/m/n/10 stochas
tic_tracking_bound\T1/cmr/m/n/10 )\T1/cmr/bx/n/10 .
 []


Overfull \hbox (25.11519pt too wide) in paragraph at lines 518--519
[][]\T1/cmr/bx/n/10 Corollary E.8 \T1/cmr/m/n/10 (Com-bined bound --- \T1/cmtt/
m/n/10 ApproxContraction.lean\T1/cmr/m/n/10 : \T1/cmtt/m/n/10 combined_approx_s
tochastic_bound\T1/cmr/m/n/10 )\T1/cmr/bx/n/10 .
 []

[29]

LaTeX Warning: Reference `prop:ale_orth' on page 30 undefined on input line 619
.


LaTeX Warning: Reference `prop:epi_limit' on page 30 undefined on input line 61
9.

[30]

LaTeX Warning: Reference `eq:lambda_practical' on page 31 undefined on input li
ne 714.


LaTeX Warning: Citation `Iyengar2005RobustDP' on page 31 undefined on input lin
e 715.


LaTeX Warning: Reference `prop:nondegen' on page 31 undefined on input line 717
.


LaTeX Warning: Reference `def:poisoning' on page 31 undefined on input line 727
.


LaTeX Warning: Citation `VanHasselt2010DoubleQ' on page 31 undefined on input l
ine 738.


LaTeX Warning: Citation `Fujimoto2018TD3' on page 31 undefined on input line 73
8.


Underfull \hbox (badness 10000) in paragraph at lines 737--739
[]\T1/cmr/bx/n/10 Overestimation
 []


Underfull \hbox (badness 7030) in paragraph at lines 740--741
\T1/cmr/m/n/10 operator am-pli-fies up-ward
 []


LaTeX Warning: Citation `Fujimoto2018TD3' on page 31 undefined on input line 74
3.


Underfull \hbox (badness 2253) in paragraph at lines 744--745
[]$\OMS/cmsy/m/n/10 k\OML/cmm/m/it/10 Q[]\OMS/cmsy/m/n/10 k[] ! 1$ \T1/cmr/m/n/
10 (di-ver-
 []


LaTeX Warning: Reference `def:poisoning' on page 31 undefined on input line 748
.


Underfull \hbox (badness 4726) in paragraph at lines 747--749
[]$\OML/cmm/m/it/10 Q$\T1/cmr/bx/n/10 -value Poi-son-
 []


Underfull \hbox (badness 1460) in paragraph at lines 751--752
[]\T1/cmr/m/n/10 Aleatoric vari-ance is \T1/cmr/m/it/10 se-lec-
 []


Underfull \hbox (badness 4699) in paragraph at lines 751--752
\T1/cmr/m/n/10 temic un-cer-tainty, caus-ing
 []

[31]

LaTeX Warning: Citation `VanHasselt2010DoubleQ' on page 32 undefined on input l
ine 766.


LaTeX Warning: Citation `Ji2024SeizingSerendipity' on page 32 undefined on inpu
t line 772.


LaTeX Warning: Reference `def:poisoning' on page 32 undefined on input line 773
.


LaTeX Warning: Reference `thm:contraction' on page 32 undefined on input line 7
73.


LaTeX Warning: Reference `thm:continuous' on page 32 undefined on input line 77
3.

) [32] (./paper.aux)

LaTeX Warning: There were undefined references.


LaTeX Warning: Label(s) may have changed. Rerun to get cross-references right.


Package rerunfilecheck Warning: File `paper.out' has changed.
(rerunfilecheck)                Rerun to get outlines right
(rerunfilecheck)                or use package `bookmark'.

Package rerunfilecheck Info: Checksums for `paper.out':
(rerunfilecheck)             Before: E1E3E156341FC2F2A62D4D7404610770;2472
(rerunfilecheck)             After:  EA1BD1DD01690E66DFB767A9E1E3A9D8;13269.
 ) 
Here is how much of TeX's memory you used:
 15810 strings out of 480247
 259176 string characters out of 5896151
 565080 words of memory out of 5000000
 33225 multiletter control sequences out of 15000+600000
 497978 words of font info for 108 fonts, out of 8000000 for 9000
 14 hyphenation exceptions out of 8191
 69i,16n,117p,1831b,831s stack positions out of 5000i,500n,10000p,200000b,80000s
pdfTeX warning (dest): name{equation.5} has been referenced but does not exis
t, replaced by a fixed one

 </home/erzhu419/.texlive2021/texmf-var/fonts/pk/ljfour/public/amsfonts/symbols
/msam10.600pk> </usr/share/texlive/texmf-dist/fonts/pk/ljfour/public/cm/dpi600/
cmbx10.pk> </home/erzhu419/.texlive2021/texmf-var/fonts/pk/ljfour/public/cm/cmb
x7.600pk> </home/erzhu419/.texlive2021/texmf-var/fonts/pk/ljfour/public/cm/cmsy
10.720pk> </home/erzhu419/.texlive2021/texmf-var/fonts/pk/ljfour/public/cm/cmr5
.600pk> </usr/share/texlive/texmf-dist/fonts/pk/ljfour/public/cm/dpi600/cmr8.pk
> </home/erzhu419/.texlive2021/texmf-var/fonts/pk/ljfour/jknappen/ec/ecit1000.6
00pk> </home/erzhu419/.texlive2021/texmf-var/fonts/pk/ljfour/public/cm/cmmi12.6
00pk> </home/erzhu419/.texlive2021/texmf-var/fonts/pk/ljfour/public/cm/cmmi8.60
0pk> </home/erzhu419/.texlive2021/texmf-var/fonts/pk/ljfour/public/cm/cmmi6.600
pk> </home/erzhu419/.texlive2021/texmf-var/fonts/pk/ljfour/public/cm/cmsy8.600p
k> </home/erzhu419/.texlive2021/texmf-var/fonts/pk/ljfour/jknappen/ec/ecbx0800.
600pk> </home/erzhu419/.texlive2021/texmf-var/fonts/pk/ljfour/jknappen/ec/ecti0
800.600pk> </home/erzhu419/.texlive2021/texmf-var/fonts/pk/ljfour/jknappen/ec/e
crm0600.600pk> </home/erzhu419/.texlive2021/texmf-var/fonts/pk/ljfour/jknappen/
ec/ecrm0700.600pk> </home/erzhu419/.texlive2021/texmf-var/fonts/pk/ljfour/publi
c/cm/cmmi5.600pk> </home/erzhu419/.texlive2021/texmf-var/fonts/pk/ljfour/public
/cm/cmsy5.600pk> </usr/share/texlive/texmf-dist/fonts/pk/ljfour/public/cm/dpi60
0/cmex10.pk> </home/erzhu419/.texlive2021/texmf-var/fonts/pk/ljfour/public/bbol
d/bbold10.600pk> </home/erzhu419/.texlive2021/texmf-var/fonts/pk/ljfour/jknappe
n/ec/ecbx1200.600pk> </home/erzhu419/.texlive2021/texmf-var/fonts/pk/ljfour/jkn
appen/ec/ectt1000.600pk> </home/erzhu419/.texlive2021/texmf-var/fonts/pk/ljfour
/jknappen/ec/tcrm1000.600pk> </home/erzhu419/.texlive2021/texmf-var/fonts/pk/lj
four/jknappen/ec/ecbi1000.600pk> </usr/share/texlive/texmf-dist/fonts/pk/ljfour
/public/cm/dpi600/cmsy10.pk> </usr/share/texlive/texmf-dist/fonts/pk/ljfour/pub
lic/cm/dpi600/cmr10.pk> </usr/share/texlive/texmf-dist/fonts/pk/ljfour/public/c
m/dpi600/cmr7.pk> </usr/share/texlive/texmf-dist/fonts/pk/ljfour/public/cm/dpi6
00/cmmi7.pk> </usr/share/texlive/texmf-dist/fonts/pk/ljfour/public/cm/dpi600/cm
sy7.pk> </home/erzhu419/.texlive2021/texmf-var/fonts/pk/ljfour/jknappen/ec/ecti
1000.600pk> </usr/share/texlive/texmf-dist/fonts/pk/ljfour/public/cm/dpi600/cmm
i10.pk> </home/erzhu419/.texlive2021/texmf-var/fonts/pk/ljfour/jknappen/ec/ecrm
0800.600pk> </home/erzhu419/.texlive2021/texmf-var/fonts/pk/ljfour/jknappen/ec/
tcrm0600.600pk> </home/erzhu419/.texlive2021/texmf-var/fonts/pk/ljfour/jknappen
/ec/ecbx1440.600pk> </home/erzhu419/.texlive2021/texmf-var/fonts/pk/ljfour/jkna
ppen/ec/ecrm1000.600pk> </home/erzhu419/.texlive2021/texmf-var/fonts/pk/ljfour/
jknappen/ec/ecbx1000.600pk> </usr/share/texlive/texmf-dist/fonts/pk/ljfour/publ
ic/cm/dpi600/cmr6.pk> </home/erzhu419/.texlive2021/texmf-var/fonts/pk/ljfour/pu
blic/cm/cmr9.600pk> </home/erzhu419/.texlive2021/texmf-var/fonts/pk/ljfour/publ
ic/cm/cmsy9.600pk> </home/erzhu419/.texlive2021/texmf-var/fonts/pk/ljfour/jknap
pen/ec/ecti0900.600pk> </home/erzhu419/.texlive2021/texmf-var/fonts/pk/ljfour/p
ublic/cm/cmmi9.600pk> </home/erzhu419/.texlive2021/texmf-var/fonts/pk/ljfour/jk
nappen/ec/ecrm0900.600pk> </home/erzhu419/.texlive2021/texmf-var/fonts/pk/ljfou
r/jknappen/ec/ecbx0900.600pk> </home/erzhu419/.texlive2021/texmf-var/fonts/pk/l
jfour/jknappen/ec/tcrm0800.600pk> </home/erzhu419/.texlive2021/texmf-var/fonts/
pk/ljfour/jknappen/ec/ecrm1200.600pk> </home/erzhu419/.texlive2021/texmf-var/fo
nts/pk/ljfour/jknappen/ec/tcrm1200.600pk> </home/erzhu419/.texlive2021/texmf-va
r/fonts/pk/ljfour/jknappen/ec/ecrm1728.600pk>
Output written on paper.pdf (32 pages, 2776772 bytes).
PDF statistics:
 1592 PDF objects out of 1728 (max. 8388607)
 577 compressed objects within 6 object streams
 228 named destinations out of 1000 (max. 500000)
 104 words of extra memory for PDF output out of 10000 (max. 10000000)

